{
  "usingComponents": {
    "van-overlay": "/lib/vant/overlay",
    "my-nav":"/components/nav/nav"
  }
}